{
    "small genome": {
        "content": [
            {
                "successful tasks": 21,
                "versions": {
                    "ANNOSINE": {
                        "annosine": "2.0.7"
                    },
                    "CAT_CAT": {
                        "pigz": "2.3.4"
                    },
                    "FORMAT_HELITRONSCANNER_OUT": {
                        "perl": "v5.32.1"
                    },
                    "FORMAT_HELITRONSCANNER_OUT_EXT": {
                        "perl": "v5.32.1"
                    },
                    "HELITRONSCANNER_DRAW": {
                        "helitronscanner": "V1.1"
                    },
                    "HELITRONSCANNER_DRAW_RC": {
                        "helitronscanner": "V1.1"
                    },
                    "HELITRONSCANNER_POSTPROCESS": {
                        "perl": "v5.32.1",
                        "trf": 4.09,
                        "TEsorter": "1.4.7",
                        "mdust": "2006.10.17"
                    },
                    "HELITRONSCANNER_SCAN_HEAD": {
                        "helitronscanner": "V1.1"
                    },
                    "HELITRONSCANNER_SCAN_HEAD_RC": {
                        "helitronscanner": "V1.1"
                    },
                    "HELITRONSCANNER_SCAN_TAIL": {
                        "helitronscanner": "V1.1"
                    },
                    "HELITRONSCANNER_SCAN_TAIL_RC": {
                        "helitronscanner": "V1.1"
                    },
                    "LTRFINDER": {
                        "LTR_FINDER_parallel": "v1.1",
                        "ltr_finder": "v1.07"
                    },
                    "LTRHARVEST": {
                        "LTR_HARVEST_parallel": "v1.1",
                        "genometools": "1.6.5"
                    },
                    "LTRRETRIEVER_LTRRETRIEVER": {
                        "LTR_retriever": "v2.9.9"
                    },
                    "LTR_RETRIEVER_POSTPROCESS": {
                        "perl": "v5.32.1",
                        "trf": 4.09,
                        "TEsorter": "1.4.7",
                        "mdust": "2006.10.17"
                    },
                    "REPEATMODELER_BUILDDATABASE": {
                        "repeatmodeler": "2.0.5"
                    },
                    "REPEATMODELER_POSTPROCESS": {
                        "perl": "v5.32.1",
                        "trf": 4.09,
                        "TEsorter": "1.4.7",
                        "mdust": "2006.10.17"
                    },
                    "REPEATMODELER_REPEATMODELER": {
                        "repeatmodeler": "2.0.5"
                    },
                    "TIRLEARNER": {
                        "TIR-Learner": "v3.0.2 by Tianyu (Sky) Lu (tlu83@wisc.edu) published under GPLv3"
                    },
                    "TIR_LEARNER_POSTPROCESS": {
                        "perl": "v5.32.1",
                        "trf": 4.09,
                        "TEsorter": "1.4.7",
                        "mdust": "2006.10.17"
                    },
                    "Workflow": {
                        "oushujun/EDTA": "v0.1.0dev"
                    }
                },
                "stable paths": [
                    "genome.pp.Helitron.intact.raw.bed:md5,a8b170a1ee8d36c7f8e3af5ba1e43cb6",
                    "genome.pp.LTR.intact.raw.fa.anno.list:md5,51261f020350b448acdf89d8fb625448",
                    "genome.pp.genome.LTR.intact.raw.fa:md5,ae2336f498897d1af4e8d3be28bb3f25",
                    "genome.pp.TIR.intact.raw.bed:md5,12406184046b11edc2ddadbc82765966"
                ],
                "stable names": [
                    "pipeline_info",
                    "raw",
                    "raw/helitron",
                    "raw/helitron/genome.pp.Helitron.intact.raw.bed",
                    "raw/helitron/genome.pp.Helitron.intact.raw.fa",
                    "raw/helitron/genome.pp.Helitron.intact.raw.fa.anno.list",
                    "raw/helitron/genome.pp.Helitron.intact.raw.gff3",
                    "raw/line",
                    "raw/line/genome.pp.LINE.raw.fa",
                    "raw/line/genome.pp.RM2.fa",
                    "raw/ltr",
                    "raw/ltr/genome.pp.LTR.intact.raw.fa.anno.list",
                    "raw/ltr/genome.pp.LTR.intact.raw.gff3",
                    "raw/ltr/genome.pp.LTR.raw.fa",
                    "raw/ltr/genome.pp.genome.LTR.intact.raw.fa",
                    "raw/tir",
                    "raw/tir/genome.pp.TIR.intact.raw.bed",
                    "raw/tir/genome.pp.TIR.intact.raw.fa",
                    "raw/tir/genome.pp.TIR.intact.raw.gff3"
                ]
            }
        ],
        "meta": {
            "nf-test": "0.9.2",
            "nextflow": "24.04.4"
        },
        "timestamp": "2024-12-13T11:02:40.702113"
    }
}