{
    "versions": {
        "content": [
            [
                "versions.yml:md5,1bb6846ecf1304c262eaef4d3de60cf9"
            ]
        ],
        "meta": {
            "nf-test": "0.8.4",
            "nextflow": "23.10.1"
        },
        "timestamp": "2024-01-09T15:06:55.753492"
    },
    "homo_sapiens-genome_fasta-stub": {
        "content": [
            {
                "0": [
                    [
                        {
                            "id": "test"
                        },
                        "test.fa:md5,d41d8cd98f00b204e9800998ecf8427e"
                    ]
                ],
                "1": [
                    [
                        {
                            "id": "test"
                        },
                        "test.stk:md5,d41d8cd98f00b204e9800998ecf8427e"
                    ]
                ],
                "2": [
                    [
                        {
                            "id": "test"
                        },
                        "test.log:md5,d41d8cd98f00b204e9800998ecf8427e"
                    ]
                ],
                "3": [
                    "versions.yml:md5,1bb6846ecf1304c262eaef4d3de60cf9"
                ],
                "fasta": [
                    [
                        {
                            "id": "test"
                        },
                        "test.fa:md5,d41d8cd98f00b204e9800998ecf8427e"
                    ]
                ],
                "log": [
                    [
                        {
                            "id": "test"
                        },
                        "test.log:md5,d41d8cd98f00b204e9800998ecf8427e"
                    ]
                ],
                "stk": [
                    [
                        {
                            "id": "test"
                        },
                        "test.stk:md5,d41d8cd98f00b204e9800998ecf8427e"
                    ]
                ],
                "versions": [
                    "versions.yml:md5,1bb6846ecf1304c262eaef4d3de60cf9"
                ]
            }
        ],
        "meta": {
            "nf-test": "0.8.4",
            "nextflow": "23.10.1"
        },
        "timestamp": "2024-04-29T13:16:41.45166"
    },
    "stk": {
        "content": [
            [
                [
                    {
                        "id": "test"
                    },
                    "test.stk:md5,acd01ad35763c11315e2297a4f051d57"
                ]
            ]
        ],
        "meta": {
            "nf-test": "0.8.4",
            "nextflow": "23.10.1"
        },
        "timestamp": "2024-01-09T15:06:55.740963"
    },
    "fasta": {
        "content": [
            [
                [
                    {
                        "id": "test"
                    },
                    "test.fa:md5,e25326771341204e1f8054d9529411e5"
                ]
            ]
        ],
        "meta": {
            "nf-test": "0.8.4",
            "nextflow": "23.10.1"
        },
        "timestamp": "2024-01-09T15:06:55.737658"
    }
}